// Jest Snapshot v1, https://goo.gl/fbAQLP

exports[`Product List Item should have snapshot 1`] = `
<div>
  <h2>
    <Link
      replace={false}
      to="/products/100"
    >
      p1
      (
      20
      )
    </Link>
  </h2>
  <h2>
    20
  </h2>
  <button
    onClick={[Function]}
  >
    Sell
  </button>
</div>
`;
